---
source: core/src/screenshot_tests.rs
expression: record
---
analysis:
  description: VS Code
  apps: []
  state:
    kind: unknown
  text_readable: false
  confidence: 0
  confirmed_text: []
  uncertain_text: []
  inferred_activity: []
  risk_flags: []
hash: 999
skipped: false
width: 960
height: 540
jpeg_size: 32000
